Installing dependencies...
Building MichaelTVPlayer.exe ...
162 INFO: PyInstaller: 6.22.2, contrib hooks: 2026.6
162 INFO: Python: 3.12.10
200 INFO: Platform: Windows-11-10.0.26200-SP0
200 INFO: Python environment: D:\Coding\MichaelTVPlayer\.venv
204 INFO: Module search paths (PYTHONPATH):
['D:\\Coding\\MichaelTVPlayer\\.venv\\Scripts\\pyinstaller.exe',
 'C:\\Users\\micha\\AppData\\Local\\Programs\\Python\\Python312\\python312.zip',
 'C:\\Users\\micha\\AppData\\Local\\Programs\\Python\\Python312\\DLLs',
 'C:\\Users\\micha\\AppData\\Local\\Programs\\Python\\Python312\\Lib',
 'C:\\Users\\micha\\AppData\\Local\\Programs\\Python\\Python312',
 'D:\\Coding\\MichaelTVPlayer\\.venv',
 'D:\\Coding\\MichaelTVPlayer\\.venv\\Lib\\site-packages',
 'D:\\Coding\\MichaelTVPlayer']
694 INFO: Appending 'datas' from .spec
695 INFO: checking Analysis
736 INFO: Building because D:\Coding\MichaelTVPlayer\src\stremio.py changed
736 INFO: Looking for Python shared library...
736 INFO: Using Python shared library: C:\Users\micha\AppData\Local\Programs\Python\Python312\python312.dll
736 INFO: Running Analysis Analysis-00.toc
736 INFO: Target bytecode optimization level: 0
736 INFO: Initializing module dependency graph...
738 INFO: Initializing module graph hook caches...
751 INFO: Analyzing modules for base_library.zip ...
2167 INFO: Processing standard module hook 'hook-heapq.py' from 'D:\\Coding\\MichaelTVPlayer\\.venv\\Lib\\site-packages\\PyInstaller\\hooks'
2289 INFO: Processing standard module hook 'hook-encodings.py' from 'D:\\Coding\\MichaelTVPlayer\\.venv\\Lib\\site-packages\\PyInstaller\\hooks'
4521 INFO: Processing standard module hook 'hook-math.py' from 'D:\\Coding\\MichaelTVPlayer\\.venv\\Lib\\site-packages\\PyInstaller\\hooks'
4902 INFO: Processing standard module hook 'hook-pickle.py' from 'D:\\Coding\\MichaelTVPlayer\\.venv\\Lib\\site-packages\\PyInstaller\\hooks'
7306 INFO: Caching module dependency graph...
7374 INFO: Analyzing D:\Coding\MichaelTVPlayer\main.py
7404 INFO: Processing standard module hook 'hook-PyQt5.py' from 'D:\\Coding\\MichaelTVPlayer\\.venv\\Lib\\site-packages\\PyInstaller\\hooks'
8365 INFO: Processing standard module hook 'hook-PyQt5.QtCore.py' from 'D:\\Coding\\MichaelTVPlayer\\.venv\\Lib\\site-packages\\PyInstaller\\hooks'
10961 INFO: Processing standard module hook 'hook-PyQt5.QtWidgets.py' from 'D:\\Coding\\MichaelTVPlayer\\.venv\\Lib\\site-packages\\PyInstaller\\hooks'
16938 INFO: Processing standard module hook 'hook-PyQt5.QtGui.py' from 'D:\\Coding\\MichaelTVPlayer\\.venv\\Lib\\site-packages\\PyInstaller\\hooks'
42428 INFO: Processing standard module hook 'hook-_ctypes.py' from 'D:\\Coding\\MichaelTVPlayer\\.venv\\Lib\\site-packages\\PyInstaller\\hooks'
42852 INFO: Processing standard module hook 'hook-platform.py' from 'D:\\Coding\\MichaelTVPlayer\\.venv\\Lib\\site-packages\\PyInstaller\\hooks'
43102 INFO: Processing standard module hook 'hook-urllib3.py' from 'D:\\Coding\\MichaelTVPlayer\\.venv\\Lib\\site-packages\\_pyinstaller_hooks_contrib\\stdhooks'
43294 INFO: Processing pre-safe-import-module hook 'hook-backports.py' from 'D:\\Coding\\MichaelTVPlayer\\.venv\\Lib\\site-packages\\PyInstaller\\hooks\\pre_safe_import_module'
43295 INFO: SetuptoolsInfo: initializing cached setuptools info...
44069 INFO: Setuptools: 'backports' appears to be a full setuptools-vendored copy - creating alias to 'setuptools._vendor.backports'!
44079 INFO: Processing standard module hook 'hook-setuptools.py' from 'D:\\Coding\\MichaelTVPlayer\\.venv\\Lib\\site-packages\\PyInstaller\\hooks'
44098 INFO: Processing pre-safe-import-module hook 'hook-distutils.py' from 'D:\\Coding\\MichaelTVPlayer\\.venv\\Lib\\site-packages\\PyInstaller\\hooks\\pre_safe_import_module'
44168 INFO: Processing standard module hook 'hook-sysconfig.py' from 'D:\\Coding\\MichaelTVPlayer\\.venv\\Lib\\site-packages\\PyInstaller\\hooks'
44176 INFO: Processing pre-safe-import-module hook 'hook-jaraco.py' from 'D:\\Coding\\MichaelTVPlayer\\.venv\\Lib\\site-packages\\PyInstaller\\hooks\\pre_safe_import_module'
44176 INFO: Setuptools: 'jaraco' appears to be a full setuptools-vendored copy - creating alias to 'setuptools._vendor.jaraco'!
44190 INFO: Processing pre-safe-import-module hook 'hook-more_itertools.py' from 'D:\\Coding\\MichaelTVPlayer\\.venv\\Lib\\site-packages\\PyInstaller\\hooks\\pre_safe_import_module'
44191 INFO: Setuptools: 'more_itertools' appears to be a setuptools-vendored copy - creating alias to 'setuptools._vendor.more_itertools'!
44377 INFO: Processing standard module hook 'hook-_osx_support.py' from 'D:\\Coding\\MichaelTVPlayer\\.venv\\Lib\\site-packages\\PyInstaller\\hooks'
44381 INFO: Processing pre-safe-import-module hook 'hook-typing_extensions.py' from 'D:\\Coding\\MichaelTVPlayer\\.venv\\Lib\\site-packages\\PyInstaller\\hooks\\pre_safe_import_module'
44710 INFO: Processing standard module hook 'hook-multiprocessing.util.py' from 'D:\\Coding\\MichaelTVPlayer\\.venv\\Lib\\site-packages\\PyInstaller\\hooks'
44818 INFO: Processing standard module hook 'hook-xml.py' from 'D:\\Coding\\MichaelTVPlayer\\.venv\\Lib\\site-packages\\PyInstaller\\hooks'
45896 INFO: Processing pre-safe-import-module hook 'hook-packaging.py' from 'D:\\Coding\\MichaelTVPlayer\\.venv\\Lib\\site-packages\\PyInstaller\\hooks\\pre_safe_import_module'
46247 INFO: Processing standard module hook 'hook-setuptools._vendor.jaraco.text.py' from 'D:\\Coding\\MichaelTVPlayer\\.venv\\Lib\\site-packages\\PyInstaller\\hooks'
46251 INFO: Processing pre-safe-import-module hook 'hook-importlib_resources.py' from 'D:\\Coding\\MichaelTVPlayer\\.venv\\Lib\\site-packages\\PyInstaller\\hooks\\pre_safe_import_module'
47402 INFO: Processing pre-safe-import-module hook 'hook-tomli.py' from 'D:\\Coding\\MichaelTVPlayer\\.venv\\Lib\\site-packages\\PyInstaller\\hooks\\pre_safe_import_module'
47402 INFO: Setuptools: 'tomli' appears to be a setuptools-vendored copy - creating alias to 'setuptools._vendor.tomli'!
48177 INFO: Processing pre-safe-import-module hook 'hook-wheel.py' from 'D:\\Coding\\MichaelTVPlayer\\.venv\\Lib\\site-packages\\PyInstaller\\hooks\\pre_safe_import_module'
48178 INFO: Setuptools: 'wheel' appears to be a setuptools-vendored copy - creating alias to 'setuptools._vendor.wheel'!
48833 INFO: Processing standard module hook 'hook-certifi.py' from 'D:\\Coding\\MichaelTVPlayer\\.venv\\Lib\\site-packages\\_pyinstaller_hooks_contrib\\stdhooks'
48894 INFO: Processing standard module hook 'hook-charset_normalizer.py' from 'D:\\Coding\\MichaelTVPlayer\\.venv\\Lib\\site-packages\\_pyinstaller_hooks_contrib\\stdhooks'
49399 INFO: Processing standard module hook 'hook-PyQt5.QtNetwork.py' from 'D:\\Coding\\MichaelTVPlayer\\.venv\\Lib\\site-packages\\PyInstaller\\hooks'
51772 INFO: Processing module hooks (post-graph stage)...
51786 WARNING: Hidden import "sip" not found!
52010 INFO: Processing standard module hook 'hook-webbrowser.py' from 'D:\\Coding\\MichaelTVPlayer\\.venv\\Lib\\site-packages\\PyInstaller\\hooks'
52150 INFO: Performing binary vs. data reclassification (120 entries)
52211 INFO: Looking for ctypes DLLs
52425 INFO: Analyzing run-time hooks ...
52425 INFO: Including run-time hook 'pyi_rth_inspect.py' from 'D:\\Coding\\MichaelTVPlayer\\.venv\\Lib\\site-packages\\PyInstaller\\hooks\\rthooks'
52433 INFO: Including run-time hook 'pyi_rth_setuptools.py' from 'D:\\Coding\\MichaelTVPlayer\\.venv\\Lib\\site-packages\\PyInstaller\\hooks\\rthooks'
52434 INFO: Including run-time hook 'pyi_rth_pkgutil.py' from 'D:\\Coding\\MichaelTVPlayer\\.venv\\Lib\\site-packages\\PyInstaller\\hooks\\rthooks'
52438 INFO: Including run-time hook 'pyi_rth_multiprocessing.py' from 'D:\\Coding\\MichaelTVPlayer\\.venv\\Lib\\site-packages\\PyInstaller\\hooks\\rthooks'
52440 INFO: Including run-time hook 'pyi_rth_pyqt5.py' from 'D:\\Coding\\MichaelTVPlayer\\.venv\\Lib\\site-packages\\PyInstaller\\hooks\\rthooks'
52443 INFO: Processing pre-find-module-path hook 'hook-_pyi_rth_utils.py' from 'D:\\Coding\\MichaelTVPlayer\\.venv\\Lib\\site-packages\\PyInstaller\\hooks\\pre_find_module_path'
52444 INFO: Processing standard module hook 'hook-_pyi_rth_utils.py' from 'D:\\Coding\\MichaelTVPlayer\\.venv\\Lib\\site-packages\\PyInstaller\\hooks'
52464 INFO: Creating base_library.zip...
52490 INFO: Looking for dynamic libraries
53175 INFO: Extra DLL search directories (AddDllDirectory): ['D:\\Coding\\MichaelTVPlayer\\.venv\\Lib\\site-packages\\PyQt5\\Qt5\\bin']
53175 INFO: Extra DLL search directories (PATH): ['D:\\Coding\\MichaelTVPlayer\\.venv\\Lib\\site-packages\\PyQt5\\Qt5\\bin']
54660 INFO: Warnings written to D:\Coding\MichaelTVPlayer\build\MichaelTVPlayer\warn-MichaelTVPlayer.txt
54735 INFO: Graph cross-reference written to D:\Coding\MichaelTVPlayer\build\MichaelTVPlayer\xref-MichaelTVPlayer.html
54775 INFO: checking PYZ
54802 INFO: Building because D:\Coding\MichaelTVPlayer\src\stremio.py changed
54802 INFO: Building PYZ (ZlibArchive) D:\Coding\MichaelTVPlayer\build\MichaelTVPlayer\PYZ-00.pyz
55502 INFO: Building PYZ (ZlibArchive) D:\Coding\MichaelTVPlayer\build\MichaelTVPlayer\PYZ-00.pyz completed successfully.
55528 INFO: checking PKG
55543 INFO: Building because toc changed
55543 INFO: Building PKG (CArchive) MichaelTV.pkg
109236 INFO: Building PKG (CArchive) MichaelTV.pkg completed successfully.
109244 INFO: Bootloader D:\Coding\MichaelTVPlayer\.venv\Lib\site-packages\PyInstaller\bootloader\Windows-64bit-intel\runw.exe
109244 INFO: checking EXE
109263 INFO: Building because toc changed
109263 INFO: Building EXE from EXE-00.toc
109287 INFO: Copying bootloader EXE to D:\Coding\MichaelTVPlayer\dist\MichaelTV.exe
109337 INFO: Copying icon to EXE
109397 INFO: Copying 0 resources to EXE
109397 INFO: Embedding manifest in EXE
109441 INFO: Appending PKG archive to EXE
109910 INFO: Fixing EXE headers
114290 INFO: Building EXE from EXE-00.toc completed successfully.
114300 INFO: Build complete! The results are available in: D:\Coding\MichaelTVPlayer\dist
Building UninstallMichaelTV.exe ...
168 INFO: PyInstaller: 6.22.2, contrib hooks: 2026.6
169 INFO: Python: 3.12.10
206 INFO: Platform: Windows-11-10.0.26200-SP0
206 INFO: Python environment: D:\Coding\MichaelTVPlayer\.venv
207 INFO: wrote D:\Coding\MichaelTVPlayer\UninstallMichaelTV.spec
216 INFO: Module search paths (PYTHONPATH):
['D:\\Coding\\MichaelTVPlayer\\.venv\\Scripts\\pyinstaller.exe',
 'C:\\Users\\micha\\AppData\\Local\\Programs\\Python\\Python312\\python312.zip',
 'C:\\Users\\micha\\AppData\\Local\\Programs\\Python\\Python312\\DLLs',
 'C:\\Users\\micha\\AppData\\Local\\Programs\\Python\\Python312\\Lib',
 'C:\\Users\\micha\\AppData\\Local\\Programs\\Python\\Python312',
 'D:\\Coding\\MichaelTVPlayer\\.venv',
 'D:\\Coding\\MichaelTVPlayer\\.venv\\Lib\\site-packages',
 'D:\\Coding\\MichaelTVPlayer']
743 INFO: checking Analysis
774 INFO: checking PYZ
784 INFO: checking PKG
787 INFO: Bootloader D:\Coding\MichaelTVPlayer\.venv\Lib\site-packages\PyInstaller\bootloader\Windows-64bit-intel\runw.exe
787 INFO: checking EXE
787 INFO: Build complete! The results are available in: D:\Coding\MichaelTVPlayer\dist
Copying private VLC runtime into dist\vlc ...
Release package: dist\MichaelTV-2.1.zip
Checksum:        dist\MichaelTV-2.1.zip.sha256

Done. Double-click:  dist\MichaelTV.exe
Runs fully isolated on dist\vlc\ — the installed VLC is not used.
Uninstaller: dist\UninstallMichaelTV.exe
Press any key to continue . . . 
