scanning US_NFL_NETWORK_HD_20260820_171631.ts ...
  span=70.42s size=54,495,372 pcrs=998 edits=13455 (0.2s)

== scenario f: scrub back 2 min, rebase coherence, delay_ms ==
    DIAG el=203.4 clock=4.1 off=0.0 edge=12.1 fr=0.1 lag=1.42 store=9 painted=2 hold=False bl=7.93 rawrate=1.00 arr_age=0.1
    DIAG el=204.5 clock=5.2 off=0.0 edge=13.2 fr=0.9 lag=1.42 store=9 painted=2 hold=False bl=7.93 rawrate=0.73 arr_age=1.2
    DIAG el=205.6 clock=6.3 off=-0.02 edge=14.4 fr=2.1 lag=1.44 store=11 painted=2 hold=False bl=8.04 rawrate=0.91 arr_age=0.8
    DIAG el=206.7 clock=7.4 off=-0.02 edge=15.5 fr=3.3 lag=1.44 store=11 painted=2 hold=False bl=8.04 rawrate=0.97 arr_age=1.9
    DIAG el=207.8 clock=8.5 off=-0.01 edge=16.6 fr=4.5 lag=1.68 store=13 painted=2 hold=False bl=8.07 rawrate=1.00 arr_age=0.4
    DIAG el=208.9 clock=9.6 off=0.03 edge=17.6 fr=5.3 lag=1.54 store=15 painted=2 hold=False bl=7.99 rawrate=0.90 arr_age=0.3
    DIAG el=210.0 clock=10.7 off=0.03 edge=18.8 fr=6.5 lag=1.54 store=15 painted=2 hold=False bl=8.02 rawrate=0.93 arr_age=1.4
    DIAG el=211.1 clock=11.8 off=0.02 edge=19.8 fr=7.7 lag=1.47 store=17 painted=2 hold=False bl=8.00 rawrate=0.97 arr_age=0.0
    DIAG el=212.2 clock=12.9 off=0.02 edge=21.0 fr=8.9 lag=1.47 store=17 painted=2 hold=False bl=8.04 rawrate=1.00 arr_age=1.1
    DIAG el=213.3 clock=14.0 off=0.02 edge=22.1 fr=9.7 lag=1.47 store=17 painted=2 hold=False bl=8.04 rawrate=0.90 arr_age=2.2
    DIAG el=214.4 clock=15.1 off=0.02 edge=23.2 fr=10.9 lag=1.47 store=17 painted=2 hold=False bl=8.05 rawrate=0.93 arr_age=3.3
    DIAG el=215.5 clock=16.2 off=-0.01 edge=24.3 fr=12.1 lag=2.07 store=23 painted=2 hold=False bl=8.04 rawrate=0.97 arr_age=0.0
    DIAG el=216.6 clock=17.3 off=-0.01 edge=25.4 fr=13.3 lag=2.07 store=23 painted=2 hold=False bl=8.04 rawrate=1.00 arr_age=1.1
    DIAG el=217.7 clock=18.4 off=-0.01 edge=26.5 fr=14.1 lag=2.07 store=23 painted=2 hold=False bl=8.07 rawrate=0.90 arr_age=2.2
    DIAG el=218.8 clock=19.5 off=-0.0 edge=27.6 fr=15.3 lag=2.39 store=25 painted=2 hold=False bl=8.05 rawrate=0.93 arr_age=0.3
    DIAG el=219.9 clock=20.6 off=-0.01 edge=28.7 fr=16.5 lag=2.06 store=27 painted=2 hold=False bl=8.06 rawrate=0.97 arr_age=0.8
    DIAG el=221.0 clock=21.7 off=-0.01 edge=29.8 fr=17.7 lag=2.06 store=27 painted=2 hold=False bl=8.06 rawrate=1.00 arr_age=1.9
    DIAG el=222.1 clock=22.8 off=-0.0 edge=30.9 fr=18.5 lag=1.89 store=30 painted=2 hold=False bl=8.09 rawrate=0.90 arr_age=0.0
    DIAG el=223.2 clock=23.9 off=-0.0 edge=32.0 fr=19.7 lag=1.73 store=33 painted=2 hold=False bl=8.07 rawrate=0.93 arr_age=0.1
    DIAG el=224.3 clock=25.0 off=-0.0 edge=33.1 fr=20.9 lag=1.73 store=33 painted=2 hold=False bl=8.06 rawrate=0.97 arr_age=1.2
    DIAG el=225.4 clock=26.1 off=-0.0 edge=34.2 fr=22.1 lag=1.73 store=33 painted=2 hold=False bl=8.08 rawrate=1.00 arr_age=2.3
    DIAG el=226.5 clock=27.2 off=0.03 edge=35.2 fr=22.9 lag=1.83 store=37 painted=2 hold=False bl=7.92 rawrate=0.90 arr_age=0.6
    DIAG el=227.6 clock=28.3 off=0.03 edge=36.3 fr=24.1 lag=1.83 store=37 painted=2 hold=False bl=8.00 rawrate=0.93 arr_age=1.7
    DIAG el=228.7 clock=29.4 off=0.03 edge=37.4 fr=25.3 lag=1.83 store=37 painted=2 hold=False bl=8.00 rawrate=0.97 arr_age=2.8
    DIAG el=229.8 clock=30.5 off=-0.0 edge=38.6 fr=26.5 lag=2.33 store=41 painted=2 hold=False bl=8.05 rawrate=1.00 arr_age=0.2
    DIAG el=230.9 clock=31.6 off=-0.01 edge=39.7 fr=27.3 lag=2.05 store=43 painted=2 hold=False bl=8.08 rawrate=0.90 arr_age=0.7
    DIAG el=232.0 clock=32.7 off=-0.01 edge=40.8 fr=28.5 lag=2.05 store=43 painted=2 hold=False bl=8.06 rawrate=0.93 arr_age=1.8
    DIAG el=233.1 clock=33.8 off=0.0 edge=41.9 fr=29.7 lag=2.26 store=47 painted=2 hold=False bl=8.04 rawrate=0.97 arr_age=0.2
    DIAG el=234.2 clock=34.9 off=0.0 edge=43.0 fr=30.9 lag=2.26 store=47 painted=2 hold=False bl=8.07 rawrate=1.00 arr_age=1.3
    DIAG el=235.3 clock=36.0 off=0.0 edge=44.1 fr=31.7 lag=2.26 store=47 painted=2 hold=False bl=8.07 rawrate=0.90 arr_age=2.4
    DIAG el=236.4 clock=37.1 off=0.01 edge=45.0 fr=32.9 lag=2.08 store=51 painted=2 hold=False bl=7.85 rawrate=0.93 arr_age=0.8
    DIAG el=237.5 clock=38.2 off=-0.03 edge=46.2 fr=34.1 lag=1.7 store=53 painted=2 hold=False bl=8.00 rawrate=0.97 arr_age=0.7
    DIAG el=238.6 clock=39.3 off=-0.03 edge=47.3 fr=35.3 lag=1.7 store=53 painted=2 hold=False bl=8.00 rawrate=1.00 arr_age=1.8
    DIAG el=239.7 clock=40.4 off=-0.01 edge=48.4 fr=36.1 lag=1.65 store=55 painted=2 hold=False bl=7.96 rawrate=0.90 arr_age=0.2
    L(t) profile: const(1.5s)
    DIAG el=255.4 clock=56.1 off=0.02 edge=64.1 fr=52.1 lag=2.12 store=73 painted=2 hold=False bl=7.95 rawrate=1.00 arr_age=0.8
    DIAG el=256.5 clock=57.2 off=0.02 edge=65.2 fr=52.9 lag=2.12 store=73 painted=2 hold=False bl=7.95 rawrate=0.91 arr_age=1.9
    DIAG el=257.6 clock=58.3 off=0.02 edge=66.4 fr=54.1 lag=2.12 store=73 painted=2 hold=False bl=8.01 rawrate=0.94 arr_age=3.0
    DIAG el=258.7 clock=59.4 off=0.01 edge=67.5 fr=55.3 lag=2.08 store=75 painted=2 hold=False bl=8.03 rawrate=0.97 arr_age=0.2
    DIAG el=259.8 clock=60.5 off=0.01 edge=68.5 fr=56.5 lag=1.83 store=77 painted=2 hold=False bl=7.97 rawrate=1.00 arr_age=0.3
    DIAG el=260.9 clock=61.6 off=0.01 edge=69.6 fr=57.3 lag=1.83 store=77 painted=2 hold=False bl=7.97 rawrate=0.90 arr_age=1.4
    DIAG el=262.0 clock=62.7 off=0.01 edge=70.8 fr=58.5 lag=1.83 store=77 painted=2 hold=False bl=8.03 rawrate=0.93 arr_age=2.5
    DIAG el=263.1 clock=63.8 off=0.01 edge=71.9 fr=59.7 lag=1.87 store=81 painted=2 hold=False bl=8.08 rawrate=0.97 arr_age=0.7
    DIAG el=264.2 clock=64.9 off=0.0 edge=72.9 fr=60.9 lag=1.75 store=82 painted=2 hold=False bl=7.98 rawrate=1.00 arr_age=1.0
    DIAG el=265.3 clock=66.0 off=0.0 edge=74.0 fr=61.7 lag=1.75 store=82 painted=2 hold=False bl=7.98 rawrate=0.90 arr_age=2.1
    DIAG el=266.4 clock=67.1 off=-0.0 edge=75.2 fr=62.9 lag=1.96 store=84 painted=2 hold=False bl=8.07 rawrate=0.93 arr_age=0.7
    DIAG el=267.5 clock=68.2 off=-0.0 edge=76.3 fr=64.1 lag=1.96 store=84 painted=2 hold=False bl=8.07 rawrate=0.97 arr_age=1.8
    DIAG el=268.6 clock=69.3 off=-0.0 edge=77.4 fr=65.3 lag=1.67 store=86 painted=2 hold=False bl=8.08 rawrate=1.00 arr_age=0.3
    DIAG el=269.7 clock=70.4 off=-0.0 edge=78.5 fr=66.1 lag=1.67 store=86 painted=2 hold=False bl=8.07 rawrate=0.90 arr_age=1.4
    DIAG el=270.8 clock=71.5 off=-0.0 edge=79.6 fr=67.3 lag=1.67 store=86 painted=2 hold=False bl=8.07 rawrate=0.93 arr_age=2.5
    DIAG el=271.9 clock=72.6 off=-0.01 edge=80.7 fr=68.5 lag=1.59 store=87 painted=2 hold=False bl=8.07 rawrate=0.97 arr_age=0.0
    DIAG el=273.0 clock=73.7 off=0.01 edge=81.8 fr=69.7 lag=1.53 store=88 painted=2 hold=False bl=8.03 rawrate=1.00 arr_age=1.0
    DIAG el=274.1 clock=74.8 off=0.01 edge=82.9 fr=70.5 lag=1.53 store=88 painted=2 hold=False bl=8.05 rawrate=0.90 arr_age=2.1
    DIAG el=275.2 clock=75.9 off=0.01 edge=84.0 fr=71.7 lag=1.53 store=88 painted=2 hold=False bl=8.05 rawrate=0.93 arr_age=3.2
    DIAG el=276.3 clock=77.0 off=0.01 edge=85.1 fr=72.9 lag=1.53 store=88 painted=2 hold=False bl=8.04 rawrate=0.97 arr_age=4.3
    DIAG el=277.4 clock=78.1 off=0.0 edge=86.2 fr=74.1 lag=1.51 store=90 painted=2 hold=False bl=8.08 rawrate=1.00 arr_age=1.0
    DIAG el=278.5 clock=79.2 off=0.0 edge=87.3 fr=74.9 lag=1.51 store=90 painted=2 hold=False bl=8.08 rawrate=0.90 arr_age=2.1
    DIAG el=279.6 clock=80.3 off=0.02 edge=88.3 fr=76.1 lag=1.47 store=92 painted=2 hold=False bl=7.97 rawrate=0.93 arr_age=0.1
    DIAG el=280.7 clock=81.4 off=0.02 edge=89.4 fr=77.3 lag=1.47 store=92 painted=2 hold=False bl=7.97 rawrate=0.97 arr_age=1.2
    DIAG el=281.8 clock=82.5 off=0.02 edge=90.6 fr=78.5 lag=1.47 store=92 painted=2 hold=False bl=8.02 rawrate=1.00 arr_age=2.3
    DIAG el=282.9 clock=83.6 off=0.02 edge=91.7 fr=79.3 lag=1.47 store=92 painted=2 hold=False bl=8.02 rawrate=0.90 arr_age=3.4
    DIAG el=284.0 clock=84.7 off=-0.01 edge=92.8 fr=80.5 lag=1.5 store=93 painted=2 hold=False bl=8.06 rawrate=0.93 arr_age=0.0
    DIAG el=285.1 clock=85.8 off=-0.0 edge=93.9 fr=81.7 lag=1.48 store=94 painted=2 hold=False bl=8.06 rawrate=0.97 arr_age=0.8
    DIAG el=286.2 clock=86.9 off=-0.0 edge=95.0 fr=82.9 lag=1.48 store=94 painted=2 hold=False bl=8.05 rawrate=1.00 arr_age=1.9
    DIAG el=287.3 clock=88.0 off=-0.0 edge=96.1 fr=83.7 lag=1.47 store=96 painted=2 hold=False bl=8.05 rawrate=0.90 arr_age=0.0
    DIAG el=288.4 clock=89.1 off=-0.0 edge=97.1 fr=84.9 lag=1.47 store=96 painted=2 hold=False bl=8.00 rawrate=0.93 arr_age=1.1
    DIAG el=289.5 clock=90.2 off=-0.0 edge=98.3 fr=86.1 lag=1.47 store=96 painted=2 hold=False bl=8.02 rawrate=0.97 arr_age=2.2
    DIAG el=290.6 clock=91.3 off=-0.0 edge=99.4 fr=87.3 lag=1.47 store=96 painted=2 hold=False bl=8.02 rawrate=1.00 arr_age=3.3
    DIAG el=291.7 clock=92.4 off=0.01 edge=100.5 fr=88.1 lag=1.44 store=98 painted=2 hold=False bl=8.04 rawrate=0.90 arr_age=0.6
    DIAG el=292.8 clock=93.5 off=0.01 edge=101.6 fr=89.3 lag=1.44 store=98 painted=2 hold=False bl=8.04 rawrate=0.93 arr_age=1.7
    DIAG el=293.9 clock=94.6 off=0.01 edge=102.7 fr=90.5 lag=1.44 store=98 painted=2 hold=False bl=8.05 rawrate=0.97 arr_age=2.8
    DIAG el=295.0 clock=95.7 off=0.03 edge=103.7 fr=91.7 lag=1.43 store=100 painted=2 hold=False bl=8.00 rawrate=1.00 arr_age=0.3
    DIAG el=296.1 clock=96.8 off=0.03 edge=104.9 fr=92.5 lag=1.43 store=100 painted=2 hold=False bl=8.04 rawrate=0.90 arr_age=1.4
    DIAG el=297.2 clock=97.9 off=0.03 edge=106.0 fr=93.7 lag=1.43 store=100 painted=2 hold=False bl=8.04 rawrate=0.93 arr_age=2.5
    DIAG el=298.3 clock=99.0 off=0.03 edge=107.1 fr=94.9 lag=1.43 store=100 painted=2 hold=False bl=8.06 rawrate=0.97 arr_age=3.6
    DIAG el=299.4 clock=100.1 off=0.03 edge=108.2 fr=96.1 lag=1.43 store=100 painted=2 hold=False bl=8.05 rawrate=1.00 arr_age=4.7
    DIAG el=300.5 clock=101.2 off=0.01 edge=109.3 fr=96.9 lag=1.45 store=102 painted=2 hold=False bl=8.08 rawrate=0.90 arr_age=0.8
    DIAG el=301.6 clock=102.3 off=0.01 edge=110.4 fr=98.1 lag=1.45 store=102 painted=2 hold=False bl=8.06 rawrate=0.93 arr_age=1.9
    DIAG el=302.7 clock=103.4 off=0.0 edge=111.5 fr=99.3 lag=1.44 store=104 painted=2 hold=False bl=8.08 rawrate=0.97 arr_age=0.0
    DIAG el=303.8 clock=104.5 off=0.0 edge=112.6 fr=100.5 lag=1.44 store=104 painted=2 hold=False bl=8.09 rawrate=1.00 arr_age=1.1
    DIAG el=304.9 clock=105.6 off=0.0 edge=113.7 fr=101.3 lag=1.44 store=104 painted=2 hold=False bl=8.09 rawrate=0.90 arr_age=2.2
    DIAG el=306.0 clock=106.7 off=-0.01 edge=114.8 fr=102.5 lag=1.43 store=106 painted=2 hold=False bl=8.02 rawrate=0.93 arr_age=0.3
    DIAG el=307.1 clock=107.8 off=-0.01 edge=115.9 fr=103.7 lag=1.43 store=106 painted=2 hold=False bl=8.02 rawrate=0.97 arr_age=1.4
    DIAG el=308.2 clock=108.9 off=-0.01 edge=117.0 fr=104.9 lag=1.43 store=106 painted=2 hold=False bl=8.05 rawrate=1.00 arr_age=2.5
    DIAG el=309.3 clock=110.0 off=-0.01 edge=118.1 fr=105.7 lag=1.44 store=108 painted=2 hold=False bl=8.06 rawrate=0.90 arr_age=0.8
    DIAG el=310.4 clock=111.1 off=-0.01 edge=119.2 fr=106.9 lag=1.44 store=108 painted=2 hold=False bl=8.07 rawrate=0.93 arr_age=1.9
    DIAG el=311.5 clock=112.2 off=-0.0 edge=120.3 fr=108.1 lag=1.44 store=110 painted=2 hold=False bl=8.09 rawrate=0.97 arr_age=0.1
    DIAG el=312.6 clock=113.3 off=-0.0 edge=121.4 fr=109.3 lag=1.44 store=110 painted=2 hold=False bl=8.09 rawrate=1.00 arr_age=1.2
    DIAG el=313.7 clock=114.4 off=-0.0 edge=122.5 fr=110.1 lag=1.44 store=110 painted=2 hold=False bl=8.08 rawrate=0.90 arr_age=2.3
    DIAG el=314.8 clock=115.5 off=-0.0 edge=123.6 fr=111.3 lag=1.44 store=110 painted=2 hold=False bl=8.08 rawrate=0.93 arr_age=3.4
    DIAG el=315.9 clock=116.6 off=0.0 edge=124.7 fr=112.5 lag=1.44 store=112 painted=2 hold=False bl=8.06 rawrate=0.97 arr_age=0.1
    DIAG el=317.0 clock=117.7 off=0.0 edge=125.8 fr=113.7 lag=1.44 store=112 painted=2 hold=False bl=8.06 rawrate=1.00 arr_age=1.2
    DIAG el=318.1 clock=118.8 off=0.02 edge=126.9 fr=114.5 lag=1.43 store=114 painted=2 hold=False bl=8.02 rawrate=0.90 arr_age=0.1
    DIAG el=319.2 clock=119.9 off=0.02 edge=128.0 fr=115.7 lag=1.43 store=114 painted=2 hold=False bl=8.02 rawrate=0.93 arr_age=1.2
    DIAG el=320.3 clock=121.0 off=0.02 edge=129.1 fr=116.9 lag=1.43 store=114 painted=2 hold=False bl=8.04 rawrate=0.97 arr_age=2.3
    DIAG el=321.4 clock=122.1 off=0.02 edge=130.2 fr=118.1 lag=1.43 store=114 painted=2 hold=False bl=8.04 rawrate=1.00 arr_age=3.4
    DIAG el=322.5 clock=123.2 off=-0.01 edge=131.2 fr=118.9 lag=1.43 store=116 painted=2 hold=False bl=8.01 rawrate=0.90 arr_age=0.8
    DIAG el=323.6 clock=124.3 off=-0.01 edge=132.4 fr=120.1 lag=1.43 store=116 painted=2 hold=False bl=8.04 rawrate=0.93 arr_age=1.9
    DIAG el=324.7 clock=125.4 off=-0.01 edge=133.5 fr=121.3 lag=1.45 store=118 painted=2 hold=False bl=8.07 rawrate=0.97 arr_age=0.9
    DIAG el=325.8 clock=126.5 off=-0.01 edge=134.6 fr=122.5 lag=1.45 store=118 painted=2 hold=False bl=8.06 rawrate=1.00 arr_age=2.0
    DIAG el=326.9 clock=127.6 off=0.02 edge=135.7 fr=123.3 lag=1.44 store=120 painted=2 hold=False bl=8.01 rawrate=0.90 arr_age=0.8
    DIAG el=328.0 clock=128.7 off=0.02 edge=136.8 fr=124.5 lag=1.44 store=120 painted=2 hold=False bl=8.04 rawrate=0.93 arr_age=1.9
    DIAG el=329.1 clock=129.8 off=0.02 edge=137.9 fr=125.7 lag=1.44 store=120 painted=2 hold=False bl=8.04 rawrate=0.97 arr_age=3.0
    DIAG el=330.2 clock=130.9 off=0.02 edge=138.9 fr=126.9 lag=1.4 store=122 painted=2 hold=False bl=7.97 rawrate=1.00 arr_age=0.7
    DIAG el=331.3 clock=132.0 off=0.02 edge=140.0 fr=127.7 lag=1.4 store=122 painted=2 hold=False bl=7.97 rawrate=0.90 arr_age=1.8
    DIAG el=332.4 clock=133.1 off=0.0 edge=141.2 fr=128.9 lag=1.44 store=124 painted=2 hold=False bl=8.07 rawrate=0.93 arr_age=0.5
    DIAG el=333.5 clock=134.2 off=0.0 edge=142.3 fr=130.1 lag=1.44 store=124 painted=2 hold=False bl=8.08 rawrate=0.97 arr_age=1.6
    DIAG el=334.6 clock=135.3 off=0.0 edge=143.4 fr=131.3 lag=1.44 store=124 painted=2 hold=False bl=8.08 rawrate=1.00 arr_age=2.7
    DIAG el=335.7 clock=136.4 off=0.02 edge=144.5 fr=132.1 lag=1.43 store=126 painted=2 hold=False bl=8.04 rawrate=0.90 arr_age=0.2
    DIAG el=336.8 clock=137.5 off=0.02 edge=145.6 fr=133.3 lag=1.43 store=126 painted=2 hold=False bl=8.04 rawrate=0.93 arr_age=1.3
    DIAG el=337.9 clock=138.6 off=0.01 edge=146.7 fr=134.5 lag=1.46 store=128 painted=2 hold=False bl=8.08 rawrate=0.97 arr_age=0.1
    DIAG el=339.0 clock=139.7 off=0.01 edge=147.8 fr=135.7 lag=1.46 store=128 painted=2 hold=False bl=8.08 rawrate=1.00 arr_age=1.2
    DIAG el=340.1 clock=140.8 off=0.0 edge=148.9 fr=136.5 lag=1.48 store=130 painted=2 hold=False bl=8.07 rawrate=0.90 arr_age=0.3
    DIAG el=341.2 clock=141.9 off=0.0 edge=150.0 fr=137.7 lag=1.48 store=130 painted=2 hold=False bl=8.07 rawrate=0.93 arr_age=1.4
    DIAG el=342.3 clock=143.0 off=0.01 edge=151.1 fr=138.9 lag=1.47 store=132 painted=2 hold=False bl=8.04 rawrate=0.97 arr_age=0.2
    DIAG el=343.4 clock=144.1 off=0.01 edge=152.2 fr=140.1 lag=1.47 store=132 painted=2 hold=False bl=8.06 rawrate=1.00 arr_age=1.3
    DIAG el=344.5 clock=145.2 off=0.01 edge=153.3 fr=140.9 lag=1.47 store=132 painted=2 hold=False bl=8.06 rawrate=0.90 arr_age=2.4
    DIAG el=345.6 clock=146.3 off=0.02 edge=154.3 fr=142.1 lag=1.41 store=134 painted=2 hold=False bl=7.96 rawrate=0.93 arr_age=0.1
    DIAG el=346.7 clock=147.4 off=0.02 edge=155.4 fr=143.3 lag=1.41 store=134 painted=2 hold=False bl=7.96 rawrate=0.97 arr_age=1.2
    DIAG el=347.8 clock=148.5 off=-0.0 edge=156.6 fr=144.5 lag=1.45 store=136 painted=2 hold=False bl=8.08 rawrate=1.00 arr_age=0.0
    DIAG el=348.9 clock=149.6 off=-0.0 edge=157.7 fr=145.3 lag=1.45 store=136 painted=2 hold=False bl=8.08 rawrate=0.90 arr_age=1.1
    DIAG el=350.0 clock=150.7 off=-0.0 edge=158.8 fr=146.5 lag=1.45 store=136 painted=2 hold=False bl=8.06 rawrate=0.93 arr_age=2.2
    DIAG el=351.1 clock=151.8 off=-0.0 edge=159.9 fr=147.7 lag=1.45 store=138 painted=2 hold=False bl=8.07 rawrate=0.97 arr_age=0.2
    DIAG el=352.2 clock=152.9 off=-0.0 edge=161.0 fr=148.9 lag=1.45 store=138 painted=2 hold=False bl=8.07 rawrate=1.00 arr_age=1.3
    DIAG el=353.3 clock=154.0 off=-0.0 edge=162.1 fr=149.7 lag=1.45 store=138 painted=2 hold=False bl=8.07 rawrate=0.90 arr_age=2.4
    DIAG el=354.4 clock=155.1 off=-0.0 edge=163.2 fr=150.9 lag=1.45 store=138 painted=2 hold=False bl=8.06 rawrate=0.93 arr_age=3.5
    DIAG el=355.5 clock=156.2 off=-0.0 edge=164.3 fr=152.1 lag=1.45 store=138 painted=2 hold=False bl=8.07 rawrate=0.97 arr_age=4.6
    DIAG el=356.6 clock=157.3 off=-0.0 edge=165.4 fr=153.3 lag=1.47 store=140 painted=2 hold=False bl=8.09 rawrate=1.00 arr_age=0.7
    DIAG el=357.7 clock=158.4 off=-0.0 edge=166.5 fr=154.1 lag=1.47 store=140 painted=2 hold=False bl=8.08 rawrate=0.90 arr_age=1.8
    DIAG el=358.8 clock=159.5 off=-0.0 edge=167.6 fr=155.3 lag=1.47 store=140 painted=2 hold=False bl=8.08 rawrate=0.93 arr_age=2.9
    DIAG el=359.9 clock=160.6 off=-0.0 edge=168.7 fr=156.5 lag=1.47 store=142 painted=2 hold=False bl=8.03 rawrate=0.97 arr_age=0.6
    DIAG el=361.0 clock=161.7 off=-0.0 edge=169.8 fr=157.7 lag=1.47 store=142 painted=2 hold=False bl=8.03 rawrate=1.00 arr_age=1.7
    DIAG el=362.1 clock=162.8 off=-0.0 edge=170.9 fr=158.5 lag=1.47 store=142 painted=2 hold=False bl=8.05 rawrate=0.90 arr_age=2.8
    DIAG el=363.2 clock=163.9 off=0.0 edge=172.0 fr=159.7 lag=1.47 store=144 painted=2 hold=False bl=8.04 rawrate=0.93 arr_age=0.0
    DIAG el=364.3 clock=165.0 off=0.0 edge=173.0 fr=160.9 lag=1.47 store=144 painted=2 hold=False bl=7.94 rawrate=0.97 arr_age=1.1
    DIAG el=365.4 clock=166.1 off=0.0 edge=174.1 fr=162.1 lag=1.47 store=144 painted=2 hold=False bl=8.01 rawrate=1.00 arr_age=2.2
    DIAG el=366.5 clock=167.2 off=0.0 edge=175.2 fr=162.9 lag=1.47 store=144 painted=2 hold=False bl=8.01 rawrate=0.90 arr_age=3.3
    DIAG el=367.6 clock=168.3 off=-0.01 edge=176.4 fr=164.1 lag=1.48 store=146 painted=2 hold=False bl=8.06 rawrate=0.93 arr_age=0.7
    DIAG el=368.7 clock=169.4 off=-0.01 edge=177.5 fr=165.3 lag=1.48 store=146 painted=2 hold=False bl=8.06 rawrate=0.97 arr_age=1.8
    DIAG el=369.8 clock=170.5 off=-0.01 edge=178.6 fr=166.5 lag=1.48 store=146 painted=2 hold=False bl=8.05 rawrate=1.00 arr_age=2.9
    DIAG el=370.9 clock=171.6 off=0.02 edge=179.6 fr=167.3 lag=1.44 store=148 painted=2 hold=False bl=8.01 rawrate=0.90 arr_age=0.5
    DIAG el=372.0 clock=172.7 off=0.0 edge=180.8 fr=168.5 lag=1.44 store=150 painted=2 hold=False bl=8.07 rawrate=0.93 arr_age=0.1
    DIAG el=373.1 clock=173.8 off=0.0 edge=181.9 fr=169.7 lag=1.44 store=150 painted=2 hold=False bl=8.07 rawrate=0.97 arr_age=1.2
    DIAG el=374.2 clock=174.9 off=0.0 edge=183.0 fr=170.9 lag=1.44 store=150 painted=2 hold=False bl=8.08 rawrate=1.00 arr_age=2.3
    DIAG el=375.3 clock=176.0 off=0.0 edge=184.1 fr=171.7 lag=1.44 store=152 painted=2 hold=False bl=8.06 rawrate=0.90 arr_age=0.6
    DIAG el=376.4 clock=177.1 off=0.0 edge=185.2 fr=172.9 lag=1.44 store=152 painted=2 hold=False bl=8.08 rawrate=0.93 arr_age=1.7
    DIAG el=377.5 clock=178.2 off=0.0 edge=186.3 fr=174.1 lag=1.44 store=152 painted=2 hold=False bl=8.08 rawrate=0.97 arr_age=2.8
    DIAG el=378.6 clock=179.3 off=0.03 edge=187.3 fr=175.3 lag=1.38 store=154 painted=2 hold=False bl=7.92 rawrate=1.00 arr_age=1.0
    DIAG el=379.7 clock=180.4 off=0.03 edge=188.4 fr=176.1 lag=1.38 store=154 painted=2 hold=False bl=8.00 rawrate=0.90 arr_age=2.1
    DIAG el=380.8 clock=181.5 off=0.03 edge=189.5 fr=177.3 lag=1.38 store=154 painted=2 hold=False bl=8.00 rawrate=0.93 arr_age=3.2
    DIAG el=381.9 clock=182.6 off=0.0 edge=190.7 fr=178.5 lag=1.4 store=156 painted=2 hold=False bl=8.07 rawrate=0.97 arr_age=0.8
    DIAG el=383.0 clock=183.7 off=0.0 edge=191.8 fr=179.7 lag=1.4 store=156 painted=2 hold=False bl=8.07 rawrate=1.00 arr_age=1.9
    DIAG el=384.1 clock=184.8 off=0.0 edge=192.9 fr=180.5 lag=1.4 store=156 painted=2 hold=False bl=8.07 rawrate=0.90 arr_age=3.0
    DIAG el=385.2 clock=185.9 off=0.0 edge=194.0 fr=181.7 lag=1.4 store=156 painted=2 hold=False bl=8.07 rawrate=0.93 arr_age=4.1
    DIAG el=386.3 clock=187.0 off=0.01 edge=195.1 fr=182.9 lag=1.4 store=158 painted=2 hold=False bl=8.02 rawrate=0.97 arr_age=0.8
    DIAG el=387.4 clock=188.1 off=0.01 edge=196.2 fr=184.1 lag=1.4 store=158 painted=2 hold=False bl=8.04 rawrate=1.00 arr_age=1.9
    DIAG el=388.5 clock=189.2 off=0.01 edge=197.3 fr=184.9 lag=1.4 store=158 painted=2 hold=False bl=8.04 rawrate=0.90 arr_age=3.0
    DIAG el=389.6 clock=190.3 off=0.01 edge=198.4 fr=186.1 lag=1.4 store=158 painted=2 hold=False bl=8.05 rawrate=0.93 arr_age=4.1
    DIAG el=390.7 clock=191.4 off=0.01 edge=199.5 fr=187.3 lag=1.4 store=158 painted=2 hold=False bl=8.05 rawrate=0.97 arr_age=5.2
    DIAG el=391.8 clock=192.5 off=0.01 edge=200.6 fr=188.5 lag=1.4 store=158 painted=2 hold=False bl=8.07 rawrate=1.00 arr_age=6.3
    DIAG el=392.9 clock=193.6 off=0.01 edge=201.7 fr=189.3 lag=1.4 store=158 painted=0 hold=False bl=8.07 rawrate=0.90 arr_age=7.4
    DIAG el=394.0 clock=194.7 off=0.03 edge=202.8 fr=190.5 lag=1.41 store=160 painted=2 hold=False bl=8.02 rawrate=0.93 arr_age=0.5
    DIAG el=395.1 clock=195.8 off=0.03 edge=203.9 fr=191.7 lag=1.41 store=160 painted=2 hold=False bl=8.02 rawrate=0.97 arr_age=1.6
    DIAG el=396.2 clock=196.9 off=0.03 edge=205.0 fr=192.9 lag=1.41 store=160 painted=2 hold=False bl=8.03 rawrate=1.00 arr_age=2.7
    DIAG el=397.3 clock=198.0 off=0.01 edge=206.1 fr=193.7 lag=1.43 store=162 painted=2 hold=False bl=8.05 rawrate=0.90 arr_age=0.8
    DIAG el=398.4 clock=199.1 off=0.01 edge=207.2 fr=194.9 lag=1.43 store=162 painted=2 hold=False bl=8.06 rawrate=0.93 arr_age=1.9
    DIAG el=399.5 clock=200.2 off=0.0 edge=208.3 fr=196.1 lag=1.43 store=164 painted=2 hold=False bl=8.05 rawrate=0.97 arr_age=0.7
    DIAG el=400.6 clock=201.3 off=0.0 edge=209.4 fr=197.3 lag=1.43 store=164 painted=2 hold=False bl=8.05 rawrate=1.00 arr_age=1.8
    DIAG el=401.7 clock=202.4 off=0.02 edge=210.5 fr=198.1 lag=1.42 store=166 painted=2 hold=False bl=8.02 rawrate=0.90 arr_age=0.2
    DIAG el=402.8 clock=203.5 off=0.02 edge=211.6 fr=199.3 lag=1.42 store=166 painted=2 hold=False bl=8.02 rawrate=0.93 arr_age=1.3
    DIAG el=403.9 clock=204.6 off=0.0 edge=212.7 fr=200.5 lag=1.47 store=167 painted=2 hold=False bl=8.06 rawrate=0.97 arr_age=0.0
    DIAG el=405.0 clock=205.7 off=0.0 edge=213.8 fr=201.7 lag=1.47 store=167 painted=2 hold=False bl=8.06 rawrate=1.00 arr_age=1.1
    DIAG el=406.1 clock=206.8 off=-0.0 edge=214.9 fr=202.5 lag=1.46 store=169 painted=2 hold=False bl=8.09 rawrate=0.90 arr_age=0.7
    DIAG el=407.2 clock=207.9 off=-0.0 edge=216.0 fr=203.7 lag=1.46 store=169 painted=2 hold=False bl=8.09 rawrate=0.93 arr_age=1.8
    DIAG el=408.3 clock=209.0 off=-0.0 edge=217.1 fr=204.9 lag=1.46 store=169 painted=2 hold=False bl=8.08 rawrate=0.97 arr_age=2.9
    DIAG el=409.4 clock=210.1 off=0.03 edge=218.2 fr=206.1 lag=1.45 store=171 painted=2 hold=False bl=8.02 rawrate=1.00 arr_age=0.4
    DIAG el=410.5 clock=211.2 off=0.03 edge=219.3 fr=206.9 lag=1.45 store=171 painted=2 hold=False bl=8.02 rawrate=0.90 arr_age=1.5
    DIAG el=411.6 clock=212.3 off=0.03 edge=220.4 fr=208.1 lag=1.45 store=171 painted=2 hold=False bl=8.05 rawrate=0.93 arr_age=2.6
    DIAG el=412.7 clock=213.4 off=0.01 edge=221.5 fr=209.3 lag=1.47 store=173 painted=2 hold=False bl=8.08 rawrate=0.97 arr_age=0.1
    DIAG el=413.8 clock=214.5 off=0.01 edge=222.6 fr=210.5 lag=1.47 store=173 painted=2 hold=False bl=8.07 rawrate=1.00 arr_age=1.2
    DIAG el=414.9 clock=215.6 off=0.01 edge=223.7 fr=211.3 lag=1.47 store=173 painted=2 hold=False bl=8.07 rawrate=0.90 arr_age=2.3
    DIAG el=416.0 clock=216.7 off=0.01 edge=224.8 fr=212.5 lag=1.47 store=173 painted=2 hold=False bl=8.05 rawrate=0.93 arr_age=3.4
    DIAG el=417.1 clock=217.8 off=0.03 edge=225.8 fr=213.7 lag=1.45 store=175 painted=2 hold=False bl=8.00 rawrate=0.97 arr_age=0.0
    DIAG el=418.2 clock=218.9 off=0.03 edge=227.0 fr=214.9 lag=1.45 store=175 painted=2 hold=False bl=8.03 rawrate=1.00 arr_age=1.1
    DIAG el=419.3 clock=220.0 off=0.03 edge=228.1 fr=215.7 lag=1.45 store=175 painted=2 hold=False bl=8.03 rawrate=0.90 arr_age=2.2
    DIAG el=420.4 clock=221.1 off=-0.01 edge=229.2 fr=216.9 lag=1.45 store=177 painted=2 hold=False bl=8.07 rawrate=0.93 arr_age=0.0
    DIAG el=421.5 clock=222.2 off=-0.01 edge=230.3 fr=218.1 lag=1.45 store=177 painted=2 hold=False bl=8.07 rawrate=0.97 arr_age=1.1
    DIAG el=422.6 clock=223.3 off=-0.01 edge=231.4 fr=219.3 lag=1.45 store=177 painted=2 hold=False bl=8.07 rawrate=1.00 arr_age=2.2
    DIAG el=423.7 clock=224.4 off=-0.01 edge=232.5 fr=220.1 lag=1.45 store=177 painted=2 hold=False bl=8.05 rawrate=0.90 arr_age=3.3
    DIAG el=424.8 clock=225.5 off=-0.01 edge=233.6 fr=221.3 lag=1.45 store=177 painted=2 hold=False bl=8.05 rawrate=0.93 arr_age=4.4
    DIAG el=425.9 clock=226.6 off=-0.01 edge=234.7 fr=222.5 lag=1.46 store=179 painted=2 hold=False bl=8.09 rawrate=0.97 arr_age=1.0
    DIAG el=427.0 clock=227.7 off=-0.01 edge=235.8 fr=223.7 lag=1.46 store=179 painted=2 hold=False bl=8.09 rawrate=1.00 arr_age=2.1
    DIAG el=428.1 clock=228.8 off=0.02 edge=236.9 fr=224.5 lag=1.43 store=181 painted=2 hold=False bl=8.04 rawrate=0.90 arr_age=0.2
    DIAG el=429.2 clock=229.9 off=0.02 edge=238.0 fr=225.7 lag=1.43 store=181 painted=2 hold=False bl=8.04 rawrate=0.93 arr_age=1.3
    DIAG el=430.3 clock=231.0 off=0.02 edge=239.1 fr=226.9 lag=1.43 store=181 painted=2 hold=False bl=8.04 rawrate=0.97 arr_age=2.4
    DIAG el=431.4 clock=232.1 off=0.02 edge=240.2 fr=228.1 lag=1.43 store=181 painted=2 hold=False bl=8.06 rawrate=1.00 arr_age=3.5
    DIAG el=432.5 clock=233.2 off=0.03 edge=241.2 fr=228.9 lag=1.36 store=183 painted=2 hold=False bl=7.92 rawrate=0.90 arr_age=0.9
    DIAG el=433.6 clock=234.3 off=0.03 edge=242.3 fr=230.1 lag=1.36 store=183 painted=2 hold=False bl=7.98 rawrate=0.93 arr_age=2.0
    DIAG el=434.7 clock=235.4 off=0.03 edge=243.4 fr=231.3 lag=1.36 store=183 painted=2 hold=False bl=7.98 rawrate=0.97 arr_age=3.1
    DIAG el=435.8 clock=236.5 off=0.01 edge=244.5 fr=232.5 lag=1.38 store=185 painted=2 hold=False bl=7.96 rawrate=1.00 arr_age=0.6
    DIAG el=436.9 clock=237.6 off=0.01 edge=245.6 fr=233.3 lag=1.38 store=185 painted=2 hold=False bl=7.96 rawrate=0.90 arr_age=1.7
    DIAG el=438.0 clock=238.7 off=0.01 edge=246.8 fr=234.5 lag=1.38 store=185 painted=2 hold=False bl=8.01 rawrate=0.93 arr_age=2.8
    DIAG el=439.1 clock=239.8 off=0.01 edge=247.9 fr=235.7 lag=1.38 store=185 painted=2 hold=False bl=8.01 rawrate=0.97 arr_age=3.9
    DIAG el=440.2 clock=240.9 off=0.01 edge=249.0 fr=236.9 lag=1.38 store=185 painted=2 hold=False bl=8.02 rawrate=1.00 arr_age=5.0
    DIAG el=441.3 clock=242.0 off=0.02 edge=250.0 fr=237.7 lag=1.41 store=187 painted=2 hold=False bl=7.99 rawrate=0.90 arr_age=0.9
    DIAG el=442.4 clock=243.1 off=0.02 edge=251.2 fr=238.9 lag=1.41 store=187 painted=2 hold=False bl=8.04 rawrate=0.93 arr_age=2.0
    DIAG el=443.5 clock=244.2 off=0.0 edge=252.3 fr=240.1 lag=1.47 store=188 painted=2 hold=False bl=8.07 rawrate=0.97 arr_age=0.1
    DIAG el=444.6 clock=245.3 off=0.0 edge=253.4 fr=241.3 lag=1.46 store=189 painted=2 hold=False bl=8.06 rawrate=1.00 arr_age=0.9
    DIAG el=445.7 clock=246.4 off=0.0 edge=254.5 fr=242.1 lag=1.46 store=189 painted=2 hold=False bl=8.08 rawrate=0.90 arr_age=2.0
    DIAG el=446.8 clock=247.5 off=0.0 edge=255.6 fr=243.3 lag=1.45 store=191 painted=2 hold=False bl=8.07 rawrate=0.93 arr_age=0.6
    DIAG el=447.9 clock=248.6 off=0.0 edge=256.7 fr=244.5 lag=1.45 store=191 painted=2 hold=False bl=8.07 rawrate=0.97 arr_age=1.7
    DIAG el=449.0 clock=249.7 off=0.01 edge=257.8 fr=245.7 lag=1.45 store=192 painted=2 hold=False bl=8.06 rawrate=1.00 arr_age=0.0
    DIAG el=450.1 clock=250.8 off=0.03 edge=258.9 fr=246.5 lag=1.43 store=193 painted=2 hold=False bl=8.04 rawrate=0.90 arr_age=1.0
    DIAG el=451.2 clock=251.9 off=0.03 edge=260.0 fr=247.7 lag=1.43 store=193 painted=2 hold=False bl=8.04 rawrate=0.93 arr_age=2.1
    DIAG el=452.3 clock=253.0 off=0.03 edge=261.1 fr=248.9 lag=1.44 store=195 painted=2 hold=False bl=8.02 rawrate=0.97 arr_age=0.3
    DIAG el=453.4 clock=254.1 off=0.03 edge=262.2 fr=250.1 lag=1.44 store=195 painted=2 hold=False bl=8.04 rawrate=1.00 arr_age=1.4
    DIAG el=454.5 clock=255.2 off=0.03 edge=263.3 fr=250.9 lag=1.44 store=195 painted=2 hold=False bl=8.04 rawrate=0.90 arr_age=2.5
    DIAG el=455.6 clock=256.3 off=0.03 edge=264.4 fr=252.1 lag=1.44 store=195 painted=2 hold=False bl=8.07 rawrate=0.93 arr_age=3.6
    DIAG el=456.7 clock=257.4 off=0.04 edge=265.4 fr=253.3 lag=1.44 store=197 painted=2 hold=False bl=7.99 rawrate=0.97 arr_age=0.3
    DIAG el=457.8 clock=258.5 off=0.04 edge=266.6 fr=254.5 lag=1.44 store=197 painted=2 hold=False bl=8.02 rawrate=1.00 arr_age=1.4
    DIAG el=458.9 clock=259.6 off=0.01 edge=267.7 fr=255.3 lag=1.47 store=199 painted=2 hold=False bl=8.08 rawrate=0.90 arr_age=0.4
    DIAG el=460.0 clock=260.7 off=0.01 edge=268.8 fr=256.5 lag=1.47 store=199 painted=2 hold=False bl=8.06 rawrate=0.93 arr_age=1.5
    f: steady: painted=2042 n=2042 |perr| p50=0.00 p95=0.00 max=0.19 exact=2042/2042 ambig=1982 nomatch=0 maxstop=0.3s rebases=0 diag[neighbor=2042/2042]
  ok   f: steady painted cues stable (p95 <= 1.5, max <= 2.5)   [p95=0.00 max=0.19]
    DIAG el=460.4 clock=141.0 off=0.01 edge=269.1 fr=257.1 lag=1.47 store=199 painted=2 hold=True bl=128.05 rawrate=0.00 arr_age=1.9
  ok   f: scrub -120 s lands on target   [landed=141.9 want~142.0]
    DIAG el=461.4 clock=142.0 off=0.01 edge=269.6 fr=258.1 lag=1.47 store=199 painted=2 hold=True bl=127.57 rawrate=0.00 arr_age=2.9
    DIAG el=462.5 clock=143.1 off=-0.29 edge=270.5 fr=258.9 lag=1.44 store=201 painted=2 hold=True bl=127.34 rawrate=0.00 arr_age=0.3
    DIAG el=463.6 clock=144.2 off=-0.29 edge=271.6 fr=260.1 lag=1.44 store=201 painted=2 hold=False bl=127.35 rawrate=0.94 arr_age=1.4
    DIAG el=464.7 clock=145.3 off=-0.25 edge=273.3 fr=261.3 lag=1.44 store=203 painted=2 hold=False bl=127.97 rawrate=0.97 arr_age=0.4
    DIAG el=465.8 clock=146.4 off=-0.25 edge=274.5 fr=262.5 lag=1.44 store=203 painted=2 hold=False bl=128.05 rawrate=1.00 arr_age=1.5
    DIAG el=466.9 clock=147.5 off=-0.09 edge=275.7 fr=263.3 lag=1.45 store=205 painted=2 hold=False bl=128.14 rawrate=0.90 arr_age=0.0
    DIAG el=468.0 clock=148.6 off=-0.09 edge=276.8 fr=264.5 lag=1.45 store=205 painted=2 hold=False bl=128.15 rawrate=0.93 arr_age=1.1
    DIAG el=469.1 clock=149.7 off=-0.09 edge=277.9 fr=265.7 lag=1.45 store=205 painted=2 hold=False bl=128.15 rawrate=0.97 arr_age=2.2
    DIAG el=470.2 clock=150.8 off=-0.05 edge=279.0 fr=266.9 lag=1.45 store=207 painted=2 hold=False bl=128.16 rawrate=1.00 arr_age=0.2
    DIAG el=471.3 clock=151.9 off=-0.05 edge=280.1 fr=267.7 lag=1.45 store=207 painted=2 hold=False bl=128.16 rawrate=0.90 arr_age=1.3
    DIAG el=472.4 clock=153.0 off=-0.03 edge=281.2 fr=268.9 lag=1.47 store=209 painted=2 hold=False bl=128.17 rawrate=0.93 arr_age=0.0
    DIAG el=473.5 clock=154.1 off=-0.03 edge=282.3 fr=270.1 lag=1.47 store=209 painted=2 hold=False bl=128.17 rawrate=0.97 arr_age=1.1
    DIAG el=474.6 clock=155.2 off=-0.03 edge=283.4 fr=271.3 lag=1.47 store=209 painted=2 hold=False bl=128.17 rawrate=1.00 arr_age=2.2
    DIAG el=475.7 clock=156.3 off=-0.03 edge=284.5 fr=272.1 lag=1.47 store=209 painted=2 hold=False bl=128.17 rawrate=0.90 arr_age=3.3
    DIAG el=476.8 clock=157.4 off=0.02 edge=285.6 fr=273.3 lag=1.44 store=211 painted=2 hold=False bl=128.13 rawrate=0.93 arr_age=0.8
    DIAG el=477.9 clock=158.5 off=0.02 edge=286.7 fr=274.5 lag=1.44 store=211 painted=2 hold=False bl=128.15 rawrate=0.97 arr_age=1.9
    DIAG el=479.0 clock=159.6 off=0.03 edge=287.7 fr=275.7 lag=1.43 store=213 painted=2 hold=False bl=128.10 rawrate=1.00 arr_age=0.3
    DIAG el=480.1 clock=160.7 off=0.03 edge=288.9 fr=276.5 lag=1.43 store=213 painted=2 hold=False bl=128.15 rawrate=0.90 arr_age=1.4
    DIAG el=481.2 clock=161.8 off=0.02 edge=290.0 fr=277.7 lag=1.43 store=215 painted=2 hold=False bl=128.12 rawrate=0.93 arr_age=0.9
    DIAG el=482.3 clock=162.9 off=0.02 edge=291.1 fr=278.9 lag=1.43 store=215 painted=2 hold=False bl=128.16 rawrate=0.97 arr_age=2.0
    DIAG el=483.4 clock=164.0 off=0.03 edge=292.2 fr=280.1 lag=1.42 store=217 painted=2 hold=False bl=128.14 rawrate=1.00 arr_age=0.4
    DIAG el=484.5 clock=165.1 off=0.03 edge=293.3 fr=280.9 lag=1.42 store=217 painted=2 hold=False bl=128.14 rawrate=0.90 arr_age=1.5
    DIAG el=485.6 clock=166.2 off=0.03 edge=294.4 fr=282.1 lag=1.42 store=217 painted=2 hold=False bl=128.17 rawrate=0.93 arr_age=2.6
    DIAG el=486.7 clock=167.3 off=0.01 edge=295.5 fr=283.3 lag=1.43 store=219 painted=2 hold=False bl=128.16 rawrate=0.97 arr_age=0.7
    DIAG el=487.8 clock=168.4 off=0.01 edge=296.6 fr=284.5 lag=1.43 store=219 painted=2 hold=False bl=128.16 rawrate=1.00 arr_age=1.8
    DIAG el=488.9 clock=169.5 off=0.01 edge=297.7 fr=285.3 lag=1.46 store=221 painted=2 hold=False bl=128.18 rawrate=0.90 arr_age=0.6
    DIAG el=490.0 clock=170.6 off=0.01 edge=298.8 fr=286.5 lag=1.46 store=221 painted=2 hold=False bl=128.16 rawrate=0.93 arr_age=1.7
    DIAG el=491.1 clock=171.7 off=0.01 edge=299.9 fr=287.7 lag=1.46 store=221 painted=2 hold=False bl=128.16 rawrate=0.97 arr_age=2.8
    DIAG el=492.2 clock=172.8 off=-0.0 edge=301.0 fr=288.9 lag=1.47 store=223 painted=2 hold=False bl=128.18 rawrate=1.00 arr_age=0.4
    DIAG el=493.3 clock=173.9 off=-0.0 edge=302.1 fr=289.7 lag=1.47 store=223 painted=2 hold=False bl=128.18 rawrate=0.90 arr_age=1.5
    DIAG el=494.4 clock=175.0 off=-0.0 edge=303.2 fr=290.9 lag=1.47 store=223 painted=2 hold=False bl=128.16 rawrate=0.93 arr_age=2.6
    DIAG el=495.5 clock=176.1 off=-0.0 edge=304.3 fr=292.1 lag=1.47 store=223 painted=2 hold=False bl=128.17 rawrate=0.97 arr_age=3.7
    DIAG el=496.6 clock=177.2 off=-0.0 edge=305.4 fr=293.3 lag=1.47 store=223 painted=2 hold=False bl=128.17 rawrate=1.00 arr_age=4.8
    DIAG el=497.7 clock=178.3 off=-0.0 edge=306.5 fr=294.1 lag=1.49 store=225 painted=2 hold=False bl=128.17 rawrate=0.90 arr_age=0.8
    DIAG el=498.8 clock=179.4 off=-0.0 edge=307.6 fr=295.3 lag=1.49 store=225 painted=2 hold=False bl=128.17 rawrate=0.93 arr_age=1.9
    DIAG el=499.9 clock=180.5 off=0.0 edge=308.7 fr=296.5 lag=1.48 store=227 painted=2 hold=False bl=128.14 rawrate=0.97 arr_age=0.0
    DIAG el=501.0 clock=181.6 off=0.0 edge=309.8 fr=297.7 lag=1.48 store=227 painted=2 hold=False bl=128.14 rawrate=1.00 arr_age=1.1
    DIAG el=502.1 clock=182.7 off=0.0 edge=310.9 fr=298.5 lag=1.48 store=227 painted=2 hold=False bl=128.16 rawrate=0.90 arr_age=2.2
    DIAG el=503.2 clock=183.8 off=0.0 edge=312.0 fr=299.7 lag=1.48 store=227 painted=2 hold=False bl=128.16 rawrate=0.93 arr_age=3.3
    DIAG el=504.3 clock=184.9 off=0.03 edge=313.0 fr=300.9 lag=1.45 store=229 painted=2 hold=False bl=128.10 rawrate=0.97 arr_age=0.1
    DIAG el=505.4 clock=186.0 off=0.03 edge=314.2 fr=302.1 lag=1.45 store=229 painted=2 hold=False bl=128.14 rawrate=1.00 arr_age=1.2
    DIAG el=506.5 clock=187.1 off=0.03 edge=315.3 fr=302.9 lag=1.45 store=229 painted=2 hold=False bl=128.14 rawrate=0.90 arr_age=2.3
    DIAG el=507.6 clock=188.2 off=0.03 edge=316.4 fr=304.1 lag=1.45 store=229 painted=2 hold=False bl=128.14 rawrate=0.93 arr_age=3.4
    DIAG el=508.7 clock=189.3 off=0.01 edge=317.5 fr=305.3 lag=1.45 store=231 painted=2 hold=False bl=128.17 rawrate=0.97 arr_age=0.9
    DIAG el=509.8 clock=190.4 off=0.01 edge=318.6 fr=306.5 lag=1.45 store=231 painted=2 hold=False bl=128.15 rawrate=1.00 arr_age=2.0
    DIAG el=510.9 clock=191.5 off=0.0 edge=319.7 fr=307.3 lag=1.45 store=233 painted=2 hold=False bl=128.17 rawrate=0.90 arr_age=0.0
    f: scrubbed-back region: painted=500 n=500 |perr| p50=0.00 p95=0.00 max=0.00 exact=500/500 ambig=500 nomatch=0 maxstop=0.0s rebases=0 diag[neighbor=2542/2542]
  ok   f: scrubbed-back painted cues coherent (p95 <= 1.5)   [p95=0.00]
  ok   f: scrubbed-back exact-window text >= 85%   [500/500 ambig=500]
    DIAG el=511.4 clock=131.9 off=-6.0 edge=320.1 fr=308.1 lag=1.45 store=233 painted=2 hold=True bl=188.18 rawrate=0.00 arr_age=0.5
    DIAG el=512.4 clock=132.9 off=-6.0 edge=320.6 fr=309.1 lag=1.45 store=233 painted=2 hold=True bl=187.68 rawrate=0.00 arr_age=1.5
    DIAG el=513.5 clock=134.0 off=-0.25 edge=321.4 fr=309.9 lag=1.46 store=235 painted=2 hold=True bl=187.32 rawrate=0.00 arr_age=0.6
    DIAG el=514.4 clock=134.9 off=-0.25 edge=322.3 fr=311.1 lag=1.46 store=235 painted=2 hold=False bl=187.39 rawrate=1.00 arr_age=1.5
    DIAG el=515.5 clock=136.0 off=-0.24 edge=324.1 fr=311.9 lag=1.47 store=237 painted=2 hold=False bl=188.06 rawrate=0.91 arr_age=0.2
    DIAG el=516.6 clock=137.1 off=-0.24 edge=325.3 fr=313.1 lag=1.47 store=237 painted=2 hold=False bl=188.17 rawrate=0.93 arr_age=1.3
    DIAG el=517.7 clock=138.2 off=-0.24 edge=326.4 fr=314.3 lag=1.47 store=237 painted=2 hold=False bl=188.17 rawrate=0.97 arr_age=2.4
    DIAG el=518.8 clock=139.3 off=-0.13 edge=327.5 fr=315.5 lag=1.46 store=239 painted=2 hold=False bl=188.13 rawrate=1.00 arr_age=0.6
    DIAG el=519.9 clock=140.4 off=-0.13 edge=328.6 fr=316.3 lag=1.46 store=239 painted=2 hold=False bl=188.13 rawrate=0.90 arr_age=1.7
    DIAG el=521.0 clock=141.5 off=-0.13 edge=329.7 fr=317.5 lag=1.46 store=239 painted=2 hold=False bl=188.20 rawrate=0.93 arr_age=2.8
    DIAG el=522.1 clock=142.6 off=-0.02 edge=330.8 fr=318.7 lag=1.44 store=241 painted=2 hold=False bl=188.19 rawrate=0.97 arr_age=0.3
    DIAG el=523.2 clock=143.7 off=-0.02 edge=332.0 fr=319.9 lag=1.44 store=241 painted=2 hold=False bl=188.23 rawrate=1.00 arr_age=1.4
    DIAG el=524.3 clock=144.8 off=-0.02 edge=333.1 fr=320.7 lag=1.44 store=241 painted=2 hold=False bl=188.23 rawrate=0.90 arr_age=2.5
    DIAG el=525.4 clock=145.9 off=-0.02 edge=334.2 fr=321.9 lag=1.44 store=241 painted=2 hold=False bl=188.23 rawrate=0.93 arr_age=3.6
    DIAG el=526.5 clock=147.0 off=-0.02 edge=335.3 fr=323.1 lag=1.46 store=243 painted=2 hold=False bl=188.27 rawrate=0.97 arr_age=0.4
    DIAG el=527.6 clock=148.1 off=-0.02 edge=336.4 fr=324.3 lag=1.46 store=243 painted=2 hold=False bl=188.27 rawrate=1.00 arr_age=1.5
    DIAG el=528.7 clock=149.2 off=-0.02 edge=337.5 fr=325.1 lag=1.46 store=243 painted=2 hold=False bl=188.26 rawrate=0.90 arr_age=2.6
    DIAG el=529.8 clock=150.3 off=-0.02 edge=338.6 fr=326.3 lag=1.46 store=243 painted=2 hold=False bl=188.26 rawrate=0.93 arr_age=3.7
    DIAG el=530.9 clock=151.4 off=-0.02 edge=339.7 fr=327.5 lag=1.46 store=243 painted=2 hold=False bl=188.28 rawrate=0.97 arr_age=4.8
    DIAG el=532.0 clock=152.5 off=-0.02 edge=340.8 fr=328.7 lag=1.46 store=243 painted=2 hold=False bl=188.28 rawrate=1.00 arr_age=5.9
    DIAG el=533.1 clock=153.6 off=-0.02 edge=341.9 fr=329.5 lag=1.46 store=243 painted=2 hold=False bl=188.28 rawrate=0.90 arr_age=7.0
    DIAG el=534.2 clock=154.7 off=0.02 edge=343.0 fr=330.7 lag=1.44 store=245 painted=2 hold=False bl=188.24 rawrate=0.93 arr_age=0.1
    DIAG el=535.3 clock=155.8 off=0.02 edge=344.1 fr=331.9 lag=1.44 store=245 painted=2 hold=False bl=188.24 rawrate=0.97 arr_age=1.2
    DIAG el=536.4 clock=156.9 off=0.02 edge=345.2 fr=333.1 lag=1.44 store=245 painted=2 hold=False bl=188.26 rawrate=1.00 arr_age=2.3
    DIAG el=537.5 clock=158.0 off=0.01 edge=346.3 fr=333.9 lag=1.46 store=247 painted=2 hold=False bl=188.28 rawrate=0.90 arr_age=0.4
    DIAG el=538.6 clock=159.1 off=0.01 edge=347.4 fr=335.1 lag=1.46 store=247 painted=2 hold=False bl=188.26 rawrate=0.93 arr_age=1.5
    DIAG el=539.7 clock=160.2 off=-0.0 edge=348.5 fr=336.3 lag=1.45 store=248 painted=2 hold=False bl=188.27 rawrate=0.97 arr_age=0.0
    DIAG el=540.8 clock=161.3 off=0.02 edge=349.6 fr=337.5 lag=1.43 store=249 painted=2 hold=False bl=188.26 rawrate=1.00 arr_age=1.0
    DIAG el=541.9 clock=162.4 off=0.02 edge=350.7 fr=338.3 lag=1.43 store=249 painted=2 hold=False bl=188.26 rawrate=0.90 arr_age=2.1
    DIAG el=543.0 clock=163.5 off=0.01 edge=351.8 fr=339.5 lag=1.43 store=251 painted=2 hold=False bl=188.26 rawrate=0.93 arr_age=1.0
    DIAG el=544.1 clock=164.6 off=0.01 edge=352.9 fr=340.7 lag=1.43 store=251 painted=2 hold=False bl=188.26 rawrate=0.97 arr_age=2.1
    f: post-rebase stability: painted=300 n=300 |perr| p50=0.00 p95=0.10 max=0.24 exact=300/300 ambig=300 nomatch=0 maxstop=0.0s rebases=2 diag[neighbor=2842/2842]
  ok   f: rebased store stays coherent behind the head (outcome)   [p95=0.10 exact=300/300]
  ok   f: +1.5 s delay paints the cue active 1.5 s EARLIER   [probe@+1.2s base=2ln shifted=2ln earlier=2ln]
  ok   f: no pipeline exceptions

7/7 checks passed (mechanism 7/7, data-limited 0/0)
