scanning US_NFL_NETWORK_HD_20260820_171631.ts ...
  span=70.42s size=54,495,372 pcrs=998 edits=13455 (0.2s)

== scenario a: cold join, growing divergence, anchor wedge ==
    L(t) profile: const(1.5s)
    calibration m0=+0.00s m0r=+0.00s (150 samples)
    drift: painted=1700 n=1700 |perr| p50=0.00 p95=0.00 max=0.08 exact=1700/1700 ambig=1700 nomatch=0 maxstop=0.0s rebases=0 diag[neighbor=1700/1700]
  ok   a: drift painted displacement p95 <= 1.5 s   [p95=0.00]
  ok   a: drift exact-window text >= 85%   [1700/1700 ambig=1700 nomatch=0]
  ok   a: no silent-stop over 6 s during drift   [max=0.0s]
  ok   a: wedge applied (+5 s anchor & store)
  ok   a: no blank beyond the watchdog window after data returns   [max=0.0s]
    post-wedge verify: painted=100 n=100 |perr| p50=0.00 p95=0.00 max=0.00 exact=100/100 ambig=100 nomatch=0 maxstop=0.0s rebases=1 diag[neighbor=2465/2465]
  ok   a: post-wedge painted text correct by ~backlog+30 s (walkoff/heal/verify)   [backlog=37s rebased=True walkoff_within1.5=100% of 515 heal_within1.5=100% of 150 verify_p95=0.00 verify_within1.5=100%]
  ok   a: no pipeline exceptions

== scenario b: pause 60 s -> resume +25 s step (3 cycles) ==
    L(t) profile: const(1.5s)
    b (3 cycles): painted=4400 n=4336 |perr| p50=0.00 p95=0.00 max=0.02 exact=4336/4400 ambig=4275 nomatch=64 maxstop=0.0s rebases=0 diag[neighbor=4339/4339]
  ok   b: divergence recorded for each +25 s step (accumulates to ~75)   [div=+74.7 want~+75]
  ok   b: painted cues coherent through pause/resume/step (p95 <= 1.5)   [p95=0.00]
  ok   b: no silent-stop beyond watchdog window (~5+3 s)   [max=0.0s]
  ok   b: 3 pause cycles executed
  ok   b: no pipeline exceptions

== scenario c: jump-to-live, L swells 1 -> 20 s ==
    L(t) profile: swell(1->20s over 60s, drain to 1.5s)
    c (whole run, incl. L transient — WP3 feed): painted=1552 n=1468 |perr| p50=0.00 p95=0.01 max=0.27 exact=1468/1552 ambig=1405 nomatch=84 maxstop=0.3s rebases=0 diag[neighbor=1471/1471]
    c: after lag recovery: painted=120 n=120 |perr| p50=0.00 p95=0.00 max=0.00 exact=120/120 ambig=120 nomatch=0 maxstop=0.0s rebases=0 diag[neighbor=1631/1631]
  ok   c: jump landed max(5, L+3) behind the true edge (D1 adaptive)   [clock@jump=50.5 edge@jump=72.1 true_head=72.1 L@jump=18.552492545882366 back=21.552492545882366]
  ok   c: the landing gap seeds the live-edge backlog (no double count)   [backlog@jump=21.6 want~21.6]
  ok   c: painted cues re-settle after the L swing and stay put (p95 <= 2.0)   [data-limited]   [p95=0.00 settled_in=4s L=1.5s rebases=0 (post-swing snap-rebase wander — WP3 target)]
  ok   c: blank stretches stay data-limited (<= L swell + margin)   [data-limited]   [max=0.3s]
  ok   c: no pipeline exceptions

== scenario d: provider bursts, frontier under-credits ==
    L(t) profile: const(1.5s) + 30 s burst/stall cadence
    d (whole run, incl. burst transients — WP2/WP3 feed): painted=1817 n=1753 |perr| p50=0.00 p95=0.00 max=0.19 exact=1753/1817 ambig=1693 nomatch=64 maxstop=0.4s rebases=0 diag[neighbor=1756/1756]
  ok   d: frontier really under-credited (>=10 s at some point)   [max edge-frontier gap=59.3s]
    d: post-burst quiescent tail: painted=120 n=120 |perr| p50=0.00 p95=0.00 max=0.00 exact=120/120 ambig=120 nomatch=0 maxstop=0.0s rebases=0 diag[neighbor=1916/1916]
  ok   d: painted cues re-settle after the bursts and stay put (p95 <= 1.5, >= 85% within 1.5 s)   [data-limited]   [p95=0.00 within1.5=100% settled_in=4s]
  ok   d: no silent-stop beyond watchdog window (~5+4 s)   [data-limited]   [max=0.4s]
  ok   d: no pipeline exceptions

== scenario e: CCX caption axis runs 2x wall ==
    L(t) profile: const(1.5s) on a 2x warped caption axis
    warp-axis calibration m0=+0.00s m0r=+0.00s (150 samples)
    e: painted=1550 n=1550 |perr| p50=0.00 p95=1.86 max=3.06 exact=1331/1550 ambig=1498 nomatch=0 maxstop=0.0s rebases=14 diag[neighbor=0/1550]
  ok   e: 2x caption axis displacement contained (p95 <= 8 s)   [p95=1.86 rebases=14]
  ok   e: no silent-stop beyond watchdog window (~5+3 s)   [max=0.0s]
  ok   e: painted text exact-matched within the warp trail bound (+-8 s, >= 85%)   [within8=100% of 1550 exact-text matches (ambig=1498)]
  ok   e: no pipeline exceptions

== scenario f: scrub back 2 min, rebase coherence, delay_ms ==
    L(t) profile: const(1.5s)
    f: steady: painted=2042 n=1978 |perr| p50=0.00 p95=0.00 max=0.19 exact=1978/2042 ambig=1919 nomatch=64 maxstop=0.3s rebases=0 diag[neighbor=1981/1981]
  ok   f: steady painted cues stable (p95 <= 1.5, max <= 2.5)   [p95=0.00 max=0.19]
  ok   f: scrub -120 s lands on target   [landed=89.9 want~90.0]
    f: scrubbed-back region: painted=500 n=500 |perr| p50=0.00 p95=0.00 max=0.00 exact=500/500 ambig=500 nomatch=0 maxstop=0.0s rebases=0 diag[neighbor=2481/2481]
  ok   f: scrubbed-back painted cues coherent (p95 <= 1.5)   [p95=0.00]
  ok   f: scrubbed-back exact-window text >= 85%   [500/500 ambig=500]
    f: post-rebase stability: painted=300 n=300 |perr| p50=4.16 p95=5.82 max=6.00 exact=0/300 ambig=300 nomatch=0 maxstop=0.0s rebases=1 diag[neighbor=2781/2781]
  FAIL f: rebased store stays coherent behind the head (outcome)   [p95=5.82 exact=0/300]
  ok   f: +1.5 s delay paints the cue active 1.5 s EARLIER   [probe@+21.2s base=2ln shifted=2ln earlier=2ln]
  ok   f: no pipeline exceptions

== scenario g: 0.2x-delivery trickle, <6 s freeze/thaw cycles ==
    L(t) profile: const(1.5s) + 0.2x growth (1 s appended every 5 s)
    g: steady pre-trickle: painted=40 n=40 |perr| p50=0.00 p95=0.00 max=0.00 exact=40/40 ambig=40 nomatch=0 maxstop=0.0s rebases=0 diag[neighbor=179/179]
captions: no window hit the clock for 5.1 s while cues kept arriving — anchor rebased (shift +1.9 s)
captions: no window hit the clock for 5.1 s while cues kept arriving — anchor rebased (shift +2.2 s)
    g: trickle (incl. seek — WP2 (c) feed): painted=543 n=543 |perr| p50=0.50 p95=2.27 max=2.42 exact=336/543 ambig=543 nomatch=0 maxstop=0.3s rebases=2 diag[neighbor=578/604]
    g: post-trickle recovery: painted=120 n=120 |perr| p50=0.00 p95=0.14 max=0.24 exact=120/120 ambig=88 nomatch=0 maxstop=0.0s rebases=2 diag[neighbor=737/763]
  ok   g: caption clock tracks raw within ~1.5 s through the trickle (p95, never leading > 1.5 s)   [n=1000 p95=1.00 max_lead=1.00]
  ok   g: mid-trickle seek lands ~30 s behind the DISPLAYED position   [raw 45.3 -> 16.7 want~15.3]
  ok   g: painted displacement contained through the trickle (p95 <= 2.5 — L-drain residual is WP3's feed)   [data-limited]   [p95=2.27]
  ok   g: no spurious reopen during the trickle (wedge rescue quiet)   [play_at 1 -> 1]
  ok   g: pipeline re-settles after the trickle   [data-limited]   [p95=0.14 settled_in=4s]
  ok   g: no pipeline exceptions

== scenario h: injected set_time no-op (wedge at the true edge)==
    L(t) profile: const(1.5s); wedge staged past the under-credited frontier (the 2026-08-21 geometry)
chase rescue: playing=True raw=41.9 frozen=52.4s frontier=45.1s head_ahead=75.1 — reopening
chase reopen: play_at 42.8s (frontier=45.1s was_at=41.9s)
chase rescue: playing=True raw=95.9 frozen=8.4s frontier=73.3s head_ahead=32.5 — reopening
chase reopen: play_at 96.9s (frontier=73.3s was_at=97.9s)
  ok   h0: wedged player at the true edge is rescued autonomously (<= 15 VT s) — head-ahead, not frontier   [revived after 8.6s (wedge@95.9 fr=64.5 head=122.1 raw_after=108.4)]
chase revive (seek-escalate): player wedged/down — play_at 58.4s
  ok   h1: a user seek on the wedged player escalates to play_at within the verify deadline + 2 s   [escalated after 6.3s (deadline 6.0 for a ~60 s jump)]
  ok   h2: the escalated play_at lands the SEEK TARGET (not the wedge point), raw reaches it   [raw@esc=58.5 want~58.4 (clock@seek=118.4)]
  ok   h-starved: no autonomous reopen while no data is ahead   [play_at_fired=False wedged=True]
chase rescue: playing=True raw=158.0 frozen=12.0s frontier=119.4s head_ahead=77.6 — reopening
chase reopen: play_at 99.0s (frontier=119.4s was_at=99.0s)
  ok   h-starved: user seek still escalates and lands (data exists behind in the buffer)   [raw@esc=99.5 want~99.0]
  ok   h: bounded rescue attempts (revive + escalations, no loop)   [play_at during wedge phases: 3]
    h: post-revive recovery: painted=120 n=120 |perr| p50=0.00 p95=0.17 max=0.37 exact=120/120 ambig=120 nomatch=0 maxstop=0.0s rebases=0 diag[neighbor=1157/1157]
  ok   h3: painted cues re-settle after the revives   [data-limited]   [p95=0.17 settled_in=4s (absolute-axis drift = L inertia, WP3 feed)]
  ok   h: no pipeline exceptions

== scenario i: L ramp/drain cycles, store coherence (WP3) ==
    L(t) profile: cycles(1->60 hold, ->5, 14<->26 x3, settle 5) @ 2.5 s flush cadence
    i phases: ramp n=198 p95=0.00 | drain n=2000 p95=0.00 | osc n=1500 p95=0.00 | settle+glitch n=400 p95=0.00 max=0.00
  ok   i: L ramp 1->60 painted displacement contained (p95 <= 2.2)   [data-limited]   [p95=0.00 n=198 (instant-sample pin; pinning via the L EWMA trails ~10x)]
  ok   i: L drain 60->5 painted displacement contained (p95 <= 2.2)   [data-limited]   [p95=0.00 n=2000]
  ok   i: repeated L oscillations stay contained (p95 <= 3.0)   [data-limited]   [p95=0.00 n=1500]
  ok   i: settle is clean and a lone edge-glitch never displaces painted cues (p95 <= 1.5, max <= 3.0)   [p95=0.00 max=0.00 (glitch @+612 s; a store slam round-trips ~6)]
  ok   i: whole-run exact-window text >= 90%   [data-limited]   [exact=100% n=4098 (ramps trade a little for trail; steady/scrub gates below assert >= 95/85%)]
    i: scrubbed into cycle-1 region: painted=450 n=450 |perr| p50=0.00 p95=0.00 max=0.00 exact=450/450 ambig=425 nomatch=0 maxstop=0.0s rebases=0 diag[neighbor=4551/4551]
  ok   i: scrubbed-back cues coherent after the swings (p95 <= 2.0)   [p95=0.00]
  ok   i: scrubbed-back exact-window text >= 85%   [450/450 ambig=425]
  ok   i: blanks stay data-limited (<= L swing + margin)   [data-limited]   [max=0.0s]
  ok   i: no pipeline exceptions

54/55 checks passed (mechanism 42/43, data-limited 12/12)
  FAILED: f: rebased store stays coherent behind the head (outcome)
